../Core/Src/main.c:87:5:main	256	static
../Core/Src/main.c:193:6:SystemClock_Config	88	static
../Core/Src/main.c:237:13:MX_ADC1_Init	24	static
../Core/Src/main.c:311:13:MX_TIM2_Init	64	static
../Core/Src/main.c:374:13:MX_USART1_UART_Init	8	static
../Core/Src/main.c:405:13:MX_DMA_Init	16	static
../Core/Src/main.c:423:13:MX_GPIO_Init	16	static
../Core/Src/main.c:437:6:moverSeguidor	40	static
../Core/Src/main.c:461:6:map	24	static
../Core/Src/main.c:472:6:Error_Handler	4	static,ignoring_inline_asm
