21:57:34 **** Incremental Build of configuration Debug for project ACD_prueba ****
make -j4 all 
arm-none-eabi-gcc "../Core/Src/main.c" -mcpu=cortex-m3 -std=gnu11 -g3 -DDEBUG -DUSE_HAL_DRIVER -DSTM32F103x6 -c -I../Core/Inc -I../Drivers/STM32F1xx_HAL_Driver/Inc/Legacy -I../Drivers/STM32F1xx_HAL_Driver/Inc -I../Drivers/CMSIS/Device/ST/STM32F1xx/Include -I../Drivers/CMSIS/Include -O0 -ffunction-sections -fdata-sections -Wall -fstack-usage -fcyclomatic-complexity -MMD -MP -MF"Core/Src/main.d" -MT"Core/Src/main.o" --specs=nano.specs -mfloat-abi=soft -mthumb -o "Core/Src/main.o"
arm-none-eabi-gcc -o "ACD_prueba.elf" @"objects.list"   -mcpu=cortex-m3 -T"D:\Usuarios\martin\documents\STM_pruebas\ACD_prueba\STM32F103C6TX_FLASH.ld" --specs=nosys.specs -Wl,-Map="ACD_prueba.map" -Wl,--gc-sections -static --specs=nano.specs -mfloat-abi=soft -mthumb -Wl,--start-group -lc -lm -Wl,--end-group
Finished building target: ACD_prueba.elf
 
arm-none-eabi-size  ACD_prueba.elf 
arm-none-eabi-objdump -h -S ACD_prueba.elf  > "ACD_prueba.list"
   text	   data	    bss	    dec	    hex	filename
  12444	    100	   2100	  14644	   3934	ACD_prueba.elf
arm-none-eabi-objcopy  -O ihex ACD_prueba.elf  "ACD_prueba.hex"
Finished building: default.size.stdout
 
Finished building: ACD_prueba.hex
 
Finished building: ACD_prueba.list
 

21:57:36 Build Finished. 0 errors, 0 warnings. (took 1s.252ms)

