04:11:33 **** Incremental Build of configuration Debug for project LDRs ****
make -j4 all 
arm-none-eabi-gcc "../Core/Src/main.c" -mcpu=cortex-m3 -std=gnu11 -g3 -DDEBUG -DUSE_HAL_DRIVER -DSTM32F103x6 -c -I../Core/Inc -I../Drivers/STM32F1xx_HAL_Driver/Inc/Legacy -I../Drivers/STM32F1xx_HAL_Driver/Inc -I../Drivers/CMSIS/Device/ST/STM32F1xx/Include -I../Drivers/CMSIS/Include -O0 -ffunction-sections -fdata-sections -Wall -fstack-usage -fcyclomatic-complexity -MMD -MP -MF"Core/Src/main.d" -MT"Core/Src/main.o" --specs=nano.specs -mfloat-abi=soft -mthumb -o "Core/Src/main.o"
arm-none-eabi-gcc -o "LDRs.elf" @"objects.list"   -mcpu=cortex-m3 -T"D:\Usuarios\martin\documents\STM_pruebas\LDRs\STM32F103C6TX_FLASH.ld" --specs=nosys.specs -Wl,-Map="LDRs.map" -Wl,--gc-sections -static --specs=nano.specs -mfloat-abi=soft -mthumb -u _printf_float -Wl,--start-group -lc -lm -Wl,--end-group
Finished building target: LDRs.elf
 
arm-none-eabi-size  LDRs.elf 
arm-none-eabi-objdump -h -S LDRs.elf  > "LDRs.list"
   text	   data	    bss	    dec	    hex	filename
  29692	    476	   2188	  32356	   7e64	LDRs.elf
arm-none-eabi-objcopy  -O ihex LDRs.elf  "LDRs.hex"
Finished building: default.size.stdout
 
Finished building: LDRs.hex
 
Finished building: LDRs.list
 

04:11:34 Build Finished. 0 errors, 0 warnings. (took 991ms)

