04:21:45 **** Incremental Build of configuration Debug for project motores ****
make -j4 all 
arm-none-eabi-gcc "../Core/Src/main.c" -mcpu=cortex-m3 -std=gnu11 -g3 -DDEBUG -DUSE_HAL_DRIVER -DSTM32F103x6 -c -I../Core/Inc -I../Drivers/STM32F1xx_HAL_Driver/Inc/Legacy -I../Drivers/STM32F1xx_HAL_Driver/Inc -I../Drivers/CMSIS/Device/ST/STM32F1xx/Include -I../Drivers/CMSIS/Include -O0 -ffunction-sections -fdata-sections -Wall -fstack-usage -fcyclomatic-complexity -MMD -MP -MF"Core/Src/main.d" -MT"Core/Src/main.o" --specs=nano.specs -mfloat-abi=soft -mthumb -o "Core/Src/main.o"
arm-none-eabi-gcc -o "motores.elf" @"objects.list"   -mcpu=cortex-m3 -T"D:\Usuarios\martin\documents\STM_pruebas\motores\STM32F103C6TX_FLASH.ld" --specs=nosys.specs -Wl,-Map="motores.map" -Wl,--gc-sections -static --specs=nano.specs -mfloat-abi=soft -mthumb -Wl,--start-group -lc -lm -Wl,--end-group
Finished building target: motores.elf
 
arm-none-eabi-size  motores.elf 
arm-none-eabi-objdump -h -S motores.elf  > "motores.list"
arm-none-eabi-objcopy  -O ihex motores.elf  "motores.hex"
   text	   data	    bss	    dec	    hex	filename
  10764	     20	   1764	  12548	   3104	motores.elf
Finished building: default.size.stdout
 
Finished building: motores.hex
Finished building: motores.list
 
 

04:21:46 Build Finished. 0 errors, 0 warnings. (took 1s.3ms)

