08:19:38 **** Incremental Build of configuration Debug for project PWM_50hZ ****
make -j4 all 
arm-none-eabi-gcc "../Core/Src/main.c" -mcpu=cortex-m3 -std=gnu11 -g3 -DDEBUG -DUSE_HAL_DRIVER -DSTM32F103x6 -c -I../Core/Inc -I../Drivers/STM32F1xx_HAL_Driver/Inc/Legacy -I../Drivers/STM32F1xx_HAL_Driver/Inc -I../Drivers/CMSIS/Device/ST/STM32F1xx/Include -I../Drivers/CMSIS/Include -O0 -ffunction-sections -fdata-sections -Wall -fstack-usage -fcyclomatic-complexity -MMD -MP -MF"Core/Src/main.d" -MT"Core/Src/main.o" --specs=nano.specs -mfloat-abi=soft -mthumb -o "Core/Src/main.o"
arm-none-eabi-gcc -o "PWM_50hZ.elf" @"objects.list"   -mcpu=cortex-m3 -T"D:\Usuarios\martin\documents\STM_pruebas\PWM_50hZ\STM32F103C6TX_FLASH.ld" --specs=nosys.specs -Wl,-Map="PWM_50hZ.map" -Wl,--gc-sections -static --specs=nano.specs -mfloat-abi=soft -mthumb -Wl,--start-group -lc -lm -Wl,--end-group
Finished building target: PWM_50hZ.elf
 
arm-none-eabi-size  PWM_50hZ.elf 
arm-none-eabi-objdump -h -S PWM_50hZ.elf  > "PWM_50hZ.list"
   text	   data	    bss	    dec	    hex	filename
   8060	     20	   1644	   9724	   25fc	PWM_50hZ.elf
arm-none-eabi-objcopy  -O ihex PWM_50hZ.elf  "PWM_50hZ.hex"
Finished building: default.size.stdout
 
Finished building: PWM_50hZ.hex
Finished building: PWM_50hZ.list
 
 

08:19:39 Build Finished. 0 errors, 0 warnings. (took 838ms)

